
> ordermanagement@1.0.11 build
> tsc && vite build

[36mvite v5.4.21 [32mbuilding for production...[36m[39m
transforming...
[32m✓[39m 592 modules transformed.
rendering chunks...
node.exe : [1m[33m[plugin:vite:reporter][39m[22m [33m[plugin 
vite:reporter] 
At line:1 char:1
+ & "C:\Program Files\nodejs/node.exe" "C:\Program Files\nodejs/node_mo ...
+ ~~~~~~~~~~~~~~~~~~~~~~~~~~~~~~~~~~~~~~~~~~~~~~~~~~~~~~~~~~~~~~~~~~~~~
    + CategoryInfo          : NotSpecified: ([1m[33m[plugi...vite:reporte 
   r] :String) [], RemoteException
    + FullyQualifiedErrorId : NativeCommandError
 
(!) C:/Users/USER/Documents/ordermanagement/services/supabaseClient.ts is 
dynamically imported by 
C:/Users/USER/Documents/ordermanagement/hooks/useAppData.ts, 
C:/Users/USER/Documents/ordermanagement/hooks/useAppData.ts but also 
statically imported by C:/Users/USER/Documents/ordermanagement/components/ad
min/DonHangTonView.tsx, C:/Users/USER/Documents/ordermanagement/components/a
dmin/InvoiceInboxView.tsx, C:/Users/USER/Documents/ordermanagement/component
s/admin/PolicyManagementView.tsx, C:/Users/USER/Documents/ordermanagement/co
mponents/admin/ThongTinXeUploadModal.tsx, C:/Users/USER/Documents/ordermanag
ement/components/admin/TrackingDashboard.tsx, 
C:/Users/USER/Documents/ordermanagement/components/chat/InternalChat.tsx, 
C:/Users/USER/Documents/ordermanagement/hooks/useAdminActions.ts, 
C:/Users/USER/Documents/ordermanagement/hooks/useNotification.ts, 
C:/Users/USER/Documents/ordermanagement/hooks/useStockApi.ts, 
C:/Users/USER/Documents/ordermanagement/hooks/useVinFastApi.ts, 
C:/Users/USER/Documents/ordermanagement/services/api/baseService.ts, C:/User
s/USER/Documents/ordermanagement/services/api/notificationService.ts, 
C:/Users/USER/Documents/ordermanagement/services/api/policyAdminService.ts, 
C:/Users/USER/Documents/ordermanagement/services/api/soldCarsService.ts, 
C:/Users/USER/Documents/ordermanagement/services/api/stockService.ts, 
C:/Users/USER/Documents/ordermanagement/services/apiService.ts, 
C:/Users/USER/Documents/ordermanagement/services/authService.ts, 
C:/Users/USER/Documents/ordermanagement/utils/aiGeminiPdfScanner.ts, 
C:/Users/USER/Documents/ordermanagement/utils/excelUtils.ts, dynamic import 
will not move module into another chunk.
[39m
computing gzip size...
[2mdist/[22m[32mmanifest.webmanifest                        [39m[1m[2m    0.44 kB[22m[1m[22m
[2mdist/[22m[32massets/logomd-CQh7nX_X.webp                 [39m[1m[2m    5.88 kB[22m[1m[22m
[2mdist/[22m[32massets/message_sent-DyIxiuZB.json           [39m[1m[2m   11.47 kB[22m[1m[22m[2m │ gzip:   1.62 kB[22m
[2mdist/[22m[32massets/loading-animation-DF1z-Eb6.json      [39m[1m[2m   12.89 kB[22m[1m[22m[2m │ gzip:   1.37 kB[22m
[2mdist/[22m[32massets/speaker_anim-CFSwAR-e.gif            [39m[1m[2m   20.39 kB[22m[1m[22m
[2mdist/[22m[32massets/yeucau-CU2pKZso.json                 [39m[1m[2m   21.29 kB[22m[1m[22m[2m │ gzip:   4.42 kB[22m
[2mdist/[22m[32mindex.html                                  [39m[1m[2m   42.98 kB[22m[1m[22m[2m │ gzip:   9.87 kB[22m
[2mdist/[22m[32massets/footer-DG9Dww7K.png                  [39m[1m[2m   99.86 kB[22m[1m[22m
[2mdist/[22m[32massets/bell_fixed-mq3DHU6t.gif              [39m[1m[2m  108.58 kB[22m[1m[22m
[2mdist/[22m[32massets/logo1-Cd2j-6NS.png                   [39m[1m[2m  114.36 kB[22m[1m[22m
[2mdist/[22m[32massets/complex_luxury_car_bg-CYR_jypz.jpg   [39m[1m[2m  256.58 kB[22m[1m[22m
[2mdist/[22m[35massets/index-DZiaPYOf.css                   [39m[1m[2m   15.10 kB[22m[1m[22m[2m │ gzip:   3.65 kB[22m
[2mdist/[22m[36massets/workbox-window.prod.es5-vqzQaGvo.js  [39m[1m[2m    5.72 kB[22m[1m[22m[2m │ gzip:   2.35 kB[22m
[2mdist/[22m[36massets/TestDriveForm-DOzNRl6W.js            [39m[1m[2m   63.41 kB[22m[1m[22m[2m │ gzip:  17.16 kB[22m
[2mdist/[22m[36massets/vendor-react-KfUPlHYY.js             [39m[1m[2m  141.00 kB[22m[1m[22m[2m │ gzip:  45.31 kB[22m
[2mdist/[22m[36massets/vendor-pdf-DAakTrEU.js               [39m[1m[2m  462.45 kB[22m[1m[22m[2m │ gzip: 136.83 kB[22m
[2mdist/[22m[36massets/excel-lib-BuPXjCkm.js                [39m[1m[2m  938.19 kB[22m[1m[22m[2m │ gzip: 270.84 kB[22m
[2mdist/[22m[36massets/index-CQlyh-Uk.js                    [39m[1m[2m1,797.04 kB[22m[1m[22m[2m │ gzip: 508.87 kB[22m
[32m✓ built in 18.11s[39m

✨ [vite-plugin-compression]:algorithm=gzip - compressed file successfully: 
dist/C:/Users/USER/Documents/ordermanagement/assets/index-DZiaPYOf.css.gz                    14.75kb / gzip: 3.54kb
dist/C:/Users/USER/Documents/ordermanagement/assets/message_sent-DyIxiuZB.json.gz            11.20kb / gzip: 1.58kb
dist/C:/Users/USER/Documents/ordermanagement/assets/loading-animation-DF1z-Eb6.json.gz       12.59kb / gzip: 1.34kb
dist/C:/Users/USER/Documents/ordermanagement/assets/workbox-window.prod.es5-vqzQaGvo.js.gz   5.58kb / gzip: 2.29kb
dist/C:/Users/USER/Documents/ordermanagement/assets/yeucau-CU2pKZso.json.gz                  20.79kb / gzip: 4.31kb
dist/C:/Users/USER/Documents/ordermanagement/assets/TestDriveForm-DOzNRl6W.js.gz             63.97kb / gzip: 16.71kb
dist/C:/Users/USER/Documents/ordermanagement/index.html.gz                                   42.04kb / gzip: 9.58kb
dist/C:/Users/USER/Documents/ordermanagement/assets/vendor-react-KfUPlHYY.js.gz              137.69kb / gzip: 44.17kb
dist/C:/Users/USER/Documents/ordermanagement/assets/vendor-pdf-DAakTrEU.js.gz                451.62kb / gzip: 133.24kb
dist/C:/Users/USER/Documents/ordermanagement/assets/excel-lib-BuPXjCkm.js.gz                 916.77kb / gzip: 263.08kb
dist/C:/Users/USER/Documents/ordermanagement/assets/index-CQlyh-Uk.js.gz                     1774.67kb / gzip: 495.44kb



PWA v1.2.0
mode      generateSW
precache  13 entries (3913.94 KiB)
files generated
  dist/sw.js
  dist/workbox-8c29f6e4.js
