components/admin/AdminView.tsx(367,25): error TS2322: Type '{ showToast: (title: string, message: string, type: "success" | "error" | "warning" | "info" | "loading", duration?: number | undefined) => void; onOpenFilePreview: (url: string, label: string) => void; stockData: StockVehicle[]; }' is not assignable to type 'IntrinsicAttributes & HoldManagementViewProps'.
  Property 'stockData' does not exist on type 'IntrinsicAttributes & HoldManagementViewProps'.
components/layout/BottomNav.tsx(32,5): error TS6133: 'isTogglingStock' is declared but its value is never read.
components/layout/BottomNav.tsx(33,5): error TS6133: 'handleToggleStockGlobal' is declared but its value is never read.
components/layout/BottomNav.tsx(34,5): error TS6133: 'onOpenGlobalSearch' is declared but its value is never read.
